../Core/Src/LCD_Driver.c:33:6:LCD_GPIO_Init	56	static
../Core/Src/LCD_Driver.c:116:6:LTCD_Layer_Init	72	static
../Core/Src/LCD_Driver.c:143:6:clearScreen	8	static
../Core/Src/LCD_Driver.c:148:6:LTCD__Init	8	static
../Core/Src/LCD_Driver.c:206:6:LCD_Draw_Pixel	16	static
../Core/Src/LCD_Driver.c:216:6:LCD_Draw_Circle_Fill	32	static
../Core/Src/LCD_Driver.c:230:6:LCD_Draw_Vertical_Line	32	static
../Core/Src/LCD_Driver.c:238:6:LCD_Clear	24	static
../Core/Src/LCD_Driver.c:249:6:LCD_SetTextColor	16	static
../Core/Src/LCD_Driver.c:255:6:LCD_SetFont	16	static
../Core/Src/LCD_Driver.c:261:6:LCD_Draw_Char	24	static
../Core/Src/LCD_Driver.c:281:6:LCD_DisplayChar	16	static
../Core/Src/LCD_Driver.c:288:6:LCD_Draw_Horizontal_Line	32	static
../Core/Src/LCD_Driver.c:296:6:LCD_AddBlock_To_Screen	24	static
../Core/Src/LCD_Driver.c:311:6:gridLines	16	static
../Core/Src/LCD_Driver.c:323:6:LCD_TetrisBlock	24	static
../Core/Src/LCD_Driver.c:330:6:visualDemo	8	static
../Core/Src/LCD_Driver.c:381:6:LCD_end	40	static
../Core/Src/LCD_Driver.c:402:6:LCD_Error_Handler	4	static,ignoring_inline_asm
../Core/Src/LCD_Driver.c:417:6:InitializeLCDTouch	8	static
../Core/Src/LCD_Driver.c:425:18:returnTouchStateAndLocation	16	static
../Core/Src/LCD_Driver.c:430:6:DetermineTouchPosition	16	static
../Core/Src/LCD_Driver.c:435:9:ReadRegisterFromTouchModule	16	static
../Core/Src/LCD_Driver.c:440:6:WriteDataToTouchModule	16	static
